C51 COMPILER V9.01   GLCD                                                                  08/14/2012 04:38:35 PAGE 1   


C51 COMPILER V9.01, COMPILATION OF MODULE GLCD
OBJECT MODULE PLACED IN glcd.obj
COMPILER INVOKED BY: C:\Keil\C51\BIN\C51.EXE GLCD\glcd.c BROWSE DEBUG OBJECTEXTEND PRINT(.\glcd.lst) TABS(2) OBJECT(glcd
                    -.obj)

line level    source

   1          /*******************************************************************
   2            * @file     GLCD.c
   3            * @author   MinhHaGroup
   4            * @version  V1.0.0
   5            * @date   
   6            * @brief    File cac ham de dieu khien LCD 128x64
   7          ********************************************************************/
   8          #include "main.h"
   9          
  10          
  11          /* ==================HAM GUI 4 BIT DATA RA LCD===================== */
  12           void lcd_send_4bit_data ( unsigned char cX )
  13          {
  14   1       LCD_D4 = cX & 0x01; 
  15   1       LCD_D5 = (cX>>1)&1;
  16   1       LCD_D6 = (cX>>2)&1;
  17   1       LCD_D7 = (cX>>3)&1;
  18   1      }
  19          
  20          /* ==================HAM GUI CAU LENH RA LCD======================= */
  21           void lcd_send_command (unsigned char cX )
  22          {
  23   1        lcd_send_4bit_data  ( cX >>4 ); 
  24   1        delay_us(10);
  25   1        LCD_E = 1;
  26   1        LCD_E = 0;
  27   1        lcd_send_4bit_data ( cX  ); 
  28   1        delay_us(10); 
  29   1        LCD_E = 1;
  30   1        LCD_E = 0;
  31   1      }
  32          
  33          void write_data_lcd(unsigned char WDLCD)
  34          {
  35   1        delay_us(200);
  36   1        LCD_RS = 1;
  37   1        LCD_RW = 0;
  38   1        lcd_send_command(WDLCD);
  39   1        LCD_E = 1;
  40   1        LCD_E = 1;
  41   1        LCD_E = 1;
  42   1        LCD_E = 0;
  43   1      }
  44          
  45          void write_command_lcd(unsigned char WCLCD,unsigned char BuysC) 
  46          {
  47   1        if (BuysC) 
  48   1        delay_us(200);
  49   1        LCD_RS = 0;
  50   1        LCD_RW = 0; 
  51   1        lcd_send_command(WCLCD);
  52   1        LCD_E = 1; 
  53   1        LCD_E = 1;
  54   1        LCD_E = 1;
C51 COMPILER V9.01   GLCD                                                                  08/14/2012 04:38:35 PAGE 2   

  55   1        LCD_E = 0;  
  56   1      }
  57          
  58          /**
  59          unsigned char read_data_lcd(void)
  60          {
  61            LCD_RS = 1; 
  62            LCD_RW = 1;
  63            LCD_E = 0;
  64            LCD_E = 0;
  65            LCD_E = 1;
  66            return(LCD_Data);
  67          }
  68          **
  69          
  70          unsigned char read_status_lcd (void)
  71          {
  72            write_data_port(0xFF); 
  73            LCD_RS = 0;
  74            LCD_RW = 1; 
  75            LCD_E = 1;
  76            while (LCD_Data & BUSY); 
  77            LCD_E = 0;
  78            return(LCD_Data);
  79          }*/
  80          
  81          //================================= HAM KHOI TAO LCD 128x64====================================
  82          // MODE 4 bit ---------------------------------------------------------------------------------
  83          void lcd_init(void) 
  84          {
  85   1        // Function set
  86   1        write_command_lcd(0x20,1);          // Chon che do truyen 4 bit
  87   1        delay_us(150);                      // delay > 100us
  88   1        write_command_lcd(0x20,1);          // Chon che do truyen 4 bit
  89   1        delay_us(150);                      // delay > 100us
  90   1        
  91   1        // Display ON/OFF control
  92   1        write_command_lcd(0x0C,1);          // Cho phep hien thi ra LCD 128x64
  93   1        delay_us(200);                      // delay > 100us
  94   1        
  95   1        // Clear LCD
  96   1        write_command_lcd(0x01,1);          // Xoa man hinh     
  97   1        delay_ms(40);                       // delay > 10ms
  98   1        
  99   1        // Entry mode set
 100   1        write_command_lcd(0x06,1);          // Chon che do hien thi ki tu ra man hinh LCD 128x64 (Ki tu sau xuat hien
             - ben phai ki tu truoc)
 101   1      }
 102          
 103          
 104          //================================= HAM XOA MAN HINH LCD 128x64=================================
 105          void lcd_clear(void) 
 106          {
 107   1        write_command_lcd(0x01,1);
 108   1        //write_command_lcd(0x34,1); 
 109   1        write_command_lcd(0x30,1); 
 110   1      }
 111          
 112          
 113          void lcd_flash(void)  // Display ON/OFF control
 114          {
 115   1        write_command_lcd(0x08,1);
C51 COMPILER V9.01   GLCD                                                                  08/14/2012 04:38:35 PAGE 3   

 116   1        delay_ms(400);
 117   1        write_command_lcd(0x0c,1); 
 118   1        delay_ms(400);
 119   1        write_command_lcd(0x08,1); 
 120   1        delay_ms(400);
 121   1        write_command_lcd(0x0c,1); 
 122   1        delay_ms(400);
 123   1        write_command_lcd(0x08,1); 
 124   1        delay_ms(400);
 125   1      }
 126          
 127          void lcd_putchar(unsigned char X, unsigned char Y, unsigned char DData)
 128          {
 129   1        if(Y<1)
 130   1          Y=1;
 131   1        if(Y>4)
 132   1          Y=4;
 133   1        X &= 0x0F; 
 134   1        switch(Y)
 135   1        {
 136   2          case 1:X|=0X80;break;
 137   2          case 2:X|=0X90;break;
 138   2          case 3:X|=0X88;break;
 139   2          case 4:X|=0X98;break;
 140   2        }
 141   1        write_command_lcd(X, 0); 
 142   1        write_data_lcd(DData);
 143   1      }
 144          
 145          
 146          void lcd_puts(unsigned char X, unsigned char Y, unsigned char *DData)
 147          {
 148   1        unsigned char ListLength,X2;
 149   1      
 150   1        ListLength = 0;
 151   1        X2=X;
 152   1        if(Y<1)
 153   1          Y=1;
 154   1        if(Y>4)
 155   1          Y=4;
 156   1        X &= 0x0F; 
 157   1        switch(Y)
 158   1        {
 159   2          case 1:X2|=0X80;break;  
 160   2          case 2:X2|=0X90;break;
 161   2          case 3:X2|=0X88;break;
 162   2          case 4:X2|=0X98;break;
 163   2        }
 164   1        write_command_lcd(X2, 1); 
 165   1        while (DData[ListLength]>=0x20) 
 166   1        {
 167   2          if (X <= 0x0F) 
 168   2          {
 169   3            write_data_lcd(DData[ListLength]);
 170   3            ListLength++;
 171   3            X++;
 172   3            delay_ms(5);
 173   3          }
 174   2        }
 175   1      }
 176          
 177          
C51 COMPILER V9.01   GLCD                                                                  08/14/2012 04:38:35 PAGE 4   

 178          void lcd_display_image  (unsigned char *DData)
 179          {
 180   1        unsigned char x,y,i;
 181   1        unsigned int tmp=0;
 182   1        for(i=0;i<9;)
 183   1        {   
 184   2          for(x=0;x<32;x++)
 185   2          {       
 186   3            write_command_lcd(0x34,1);
 187   3            write_command_lcd((0x80+x),1);
 188   3            write_command_lcd((0x80+i),1);  
 189   3            write_command_lcd(0x30,1);    
 190   3            for(y=0;y<16;y++) 
 191   3              write_data_lcd(DData[tmp+y]);
 192   3            tmp+=16;    
 193   3          }
 194   2          i+=8;
 195   2        }
 196   1          write_command_lcd(0x36,1);  
 197   1          write_command_lcd(0x30,1);
 198   1      }
 199          


MODULE INFORMATION:   STATIC OVERLAYABLE
   CODE SIZE        =    578    ----
   CONSTANT SIZE    =   ----    ----
   XDATA SIZE       =   ----    ----
   PDATA SIZE       =   ----    ----
   DATA SIZE        =   ----      17
   IDATA SIZE       =   ----    ----
   BIT SIZE         =   ----    ----
END OF MODULE INFORMATION.


C51 COMPILATION COMPLETE.  0 WARNING(S),  0 ERROR(S)
